<?xml version="1.0" encoding="utf-8"?>
<testsuites time="57.694" tests="6" failures="0">
  <testsuite id="0" name="AutomationFramework.dll" tests="6" failures="0" time="57.694">
    <testcase classname="AutomationFramework.Tests.Features.JuiceShopFeature" name="ChangeUsername" time="6.9295940" />
    <testcase classname="AutomationFramework.Tests.Features.JuiceShopFeature" name="LinkImage" time="11.1880980" />
    <testcase classname="AutomationFramework.Tests.Features.JuiceShopFeature" name="Register(&quot;0&quot;,null)" time="9.5638660" />
    <testcase classname="AutomationFramework.Tests.Features.JuiceShopFeature" name="Register(&quot;1&quot;,null)" time="10.0005340" />
    <testcase classname="AutomationFramework.Tests.Features.JuiceShopFeature" name="Register(&quot;2&quot;,null)" time="10.0353100" />
    <testcase classname="AutomationFramework.Tests.Features.JuiceShopFeature" name="WriteAReview" time="9.9762080" />
  </testsuite>
</testsuites>